done data_g02/nom_1.65.pkl
done data_g02/wp50_1.65.pkl
done data_g02/wm50_1.55.pkl
done data_g02/wp50_1.55.pkl
done data_g02/nom_1.55.pkl
done data_g02/wp50_1.45.pkl
done data_g02/nom_1.45.pkl
done data_g02/wm50_1.45.pkl
done data_g02/wm50_1.65.pkl
done data_g02/gp30_1.65.pkl
done data_g02/gp30_1.55.pkl
done data_g02/gm30_1.65.pkl
done data_g02/gp30_1.45.pkl
done data_g02/gm30_1.55.pkl
done data_g02/gm30_1.45.pkl
done data_g02/ep20_1.45.pkl
done data_g02/ep20_1.55.pkl
done data_g02/ep20_1.65.pkl
done data_g02/em20_1.65.pkl
done data_g02/em20_1.55.pkl
done data_g02/a55_1.55.pkl
done data_g02/em20_1.45.pkl
done data_g02/a55_1.65.pkl
done data_g02/a55_1.45.pkl
done data_g02/a65_1.55.pkl
done data_g02/a65_1.65.pkl
done data_g02/a65_1.45.pkl
