done data/wp50_1.65.pkl
done data/nom_1.65.pkl
done data/wm50_1.55.pkl
done data/nom_1.55.pkl
done data/wp50_1.55.pkl
done data/wm50_1.45.pkl
done data/wp50_1.45.pkl
done data/nom_1.45.pkl
done data/wm50_1.65.pkl
done data/gp30_1.65.pkl
done data/gp30_1.55.pkl
done data/gm30_1.65.pkl
done data/gp30_1.45.pkl
done data/gm30_1.55.pkl
done data/gm30_1.45.pkl
done data/ep20_1.45.pkl
done data/ep20_1.65.pkl
done data/ep20_1.55.pkl
done data/em20_1.65.pkl
done data/em20_1.55.pkl
done data/em20_1.45.pkl
done data/a55_1.65.pkl
done data/a55_1.55.pkl
done data/a55_1.45.pkl
done data/a65_1.55.pkl
done data/a65_1.65.pkl
done data/a65_1.45.pkl
