ideal_upper {'Fmean_chan': [0.9922, 0.9922, 0.9922], 'Fpure_mean': [1.0, 1.0, 1.0], 'Fpure_worstchan': [1.0, 1.0, 1.0], 'Fworst_chan': [0.9922, 0.9922, 0.9922], 'CAR': [95.6014, 95.6014, 95.6014], 'Rchip_per_chan': [10442134.0253, 10442134.0253, 10442134.0253]}
conservative {'Fmean_chan': [0.9914, 0.9936, 0.9955], 'Fpure_mean': [0.997, 0.9993, 0.9999], 'Fpure_worstchan': [0.997, 0.9993, 0.9999], 'Fworst_chan': [0.9914, 0.9936, 0.9955], 'CAR': [113.8998, 135.1073, 196.0555], 'Rchip_per_chan': [5082757.832, 7383554.5458, 8761674.5197]}
Pmw=0.05 {'Fmean_chan': [0.9964, 0.9989, 0.9994], 'Fpure_mean': [0.9971, 0.9994, 1.0], 'Fpure_worstchan': [0.9971, 0.9994, 1.0], 'Fworst_chan': [0.9964, 0.9989, 0.9994], 'CAR': [1099.162, 1352.6919, 1951.0916], 'Rchip_per_chan': [494431.3014, 721194.3817, 891755.682]}
Pmw=0.1 {'Fmean_chan': [0.9955, 0.9983, 0.9988], 'Fpure_mean': [0.9964, 0.9996, 0.9999], 'Fpure_worstchan': [0.9964, 0.9996, 0.9999], 'Fworst_chan': [0.9955, 0.9983, 0.9988], 'CAR': [554.2958, 659.0814, 976.1615], 'Rchip_per_chan': [1006391.4923, 1499282.7041, 1786085.9514]}
Pmw=0.2 {'Fmean_chan': [0.9948, 0.9971, 0.9979], 'Fpure_mean': [0.9971, 0.9994, 0.9999], 'Fpure_worstchan': [0.9971, 0.9994, 0.9999], 'Fworst_chan': [0.9948, 0.9971, 0.9979], 'CAR': [287.5309, 341.7273, 505.806], 'Rchip_per_chan': [1959057.7409, 2908341.1303, 3459905.3917]}
sig_wedge=0.1 {'Fmean_chan': [0.9911, 0.9932, 0.9951], 'Fpure_mean': [0.9969, 0.9994, 0.9999], 'Fpure_worstchan': [0.9969, 0.9994, 0.9999], 'Fworst_chan': [0.9911, 0.9932, 0.9951], 'CAR': [112.9972, 123.5386, 164.0082], 'Rchip_per_chan': [6079307.7704, 8076723.4079, 8831814.0538]}
sig_wedge=1.0 {'Fmean_chan': [0.9928, 0.9957, 0.9987], 'Fpure_mean': [0.9978, 0.9995, 0.9999], 'Fpure_worstchan': [0.9978, 0.9995, 0.9999], 'Fworst_chan': [0.9928, 0.9957, 0.9986], 'CAR': [125.3198, 223.1779, 857.1869], 'Rchip_per_chan': [1149430.6113, 4463837.7125, 7961633.6642]}
sig_wedge=2.0 {'Fmean_chan': [0.9931, 0.997, 0.9992], 'Fpure_mean': [0.997, 0.9992, 0.9999], 'Fpure_worstchan': [0.997, 0.9992, 0.9999], 'Fworst_chan': [0.9931, 0.997, 0.9992], 'CAR': [130.8287, 599.8873, 2086.1189], 'Rchip_per_chan': [461384.9205, 1657909.5444, 7625631.9587]}
sig_rough=0.1 {'Fmean_chan': [0.9913, 0.993, 0.9947], 'Fpure_mean': [0.9975, 0.9994, 0.9999], 'Fpure_worstchan': [0.9975, 0.9994, 0.9999], 'Fworst_chan': [0.9913, 0.993, 0.9947], 'CAR': [105.794, 116.5428, 149.9769], 'Rchip_per_chan': [6649730.2702, 8562572.3315, 9434375.6366]}
sig_rough=1.0 {'Fmean_chan': [0.9946, 0.9975, 0.999], 'Fpure_mean': [0.9972, 0.9994, 1.0], 'Fpure_worstchan': [0.9972, 0.9994, 1.0], 'Fworst_chan': [0.9946, 0.9975, 0.999], 'CAR': [230.3083, 442.3818, 2640.2876], 'Rchip_per_chan': [362325.5262, 2242780.7785, 4324143.2288]}
sig_D=0.05 {'Fmean_chan': [0.9909, 0.9929, 0.9954], 'Fpure_mean': [0.9966, 0.9992, 0.9999], 'Fpure_worstchan': [0.9966, 0.9992, 0.9999], 'Fworst_chan': [0.9909, 0.9929, 0.9954], 'CAR': [106.1685, 125.7183, 193.5583], 'Rchip_per_chan': [5149161.3829, 7936331.1363, 9401018.8415]}
sig_D=0.2 {'Fmean_chan': [0.9929, 0.995, 0.9964], 'Fpure_mean': [0.9965, 0.9993, 0.9999], 'Fpure_worstchan': [0.9965, 0.9993, 0.9999], 'Fworst_chan': [0.9928, 0.995, 0.9964], 'CAR': [148.9829, 172.1205, 277.8054], 'Rchip_per_chan': [3582999.7515, 5791922.9468, 6694311.9144]}
dT=0.01 {'Fmean_chan': [0.9932, 0.9943, 0.9962], 'Fpure_mean': [0.9997, 0.9999, 1.0], 'Fpure_worstchan': [0.9997, 0.9999, 1.0], 'Fworst_chan': [0.9932, 0.9943, 0.9962], 'CAR': [112.1636, 136.7777, 205.0552], 'Rchip_per_chan': [4858947.5456, 7293172.1457, 8897579.9383]}
dT=0.2 {'Fmean_chan': [0.9495, 0.9867, 0.9941], 'Fpure_mean': [0.953, 0.9916, 0.9995], 'Fpure_worstchan': [0.953, 0.9916, 0.9995], 'Fworst_chan': [0.9495, 0.9867, 0.9941], 'CAR': [114.6975, 137.3351, 252.0054], 'Rchip_per_chan': [3950301.461, 7263646.912, 8700619.7747]}
dT=0.5 {'Fmean_chan': [0.7282, 0.9374, 0.9926], 'Fpure_mean': [0.7295, 0.9421, 0.9984], 'Fpure_worstchan': [0.7294, 0.9421, 0.9984], 'Fworst_chan': [0.7282, 0.9373, 0.9926], 'CAR': [114.529, 129.3383, 204.4203], 'Rchip_per_chan': [4874590.0561, 7713695.4062, 8713495.427]}
psr_il=0.19 {'Fmean_chan': [0.9905, 0.9935, 0.9956], 'Fpure_mean': [0.9964, 0.9993, 0.9999], 'Fpure_worstchan': [0.9964, 0.9993, 0.9999], 'Fworst_chan': [0.9905, 0.9935, 0.9956], 'CAR': [113.7603, 132.2963, 185.6474], 'Rchip_per_chan': [5372790.4732, 7540820.1274, 8772445.7608]}
psr_il=1.0 {'Fmean_chan': [0.9909, 0.9936, 0.9958], 'Fpure_mean': [0.9969, 0.9993, 0.9999], 'Fpure_worstchan': [0.9968, 0.9993, 0.9999], 'Fworst_chan': [0.9909, 0.9936, 0.9958], 'CAR': [112.9234, 134.4751, 217.6266], 'Rchip_per_chan': [4577508.8532, 7418360.6385, 8837603.6047]}
psr_il=2.0 {'Fmean_chan': [0.9911, 0.9936, 0.9954], 'Fpure_mean': [0.9969, 0.9993, 1.0], 'Fpure_worstchan': [0.9969, 0.9993, 1.0], 'Fworst_chan': [0.9911, 0.9936, 0.9954], 'CAR': [115.541, 132.5, 191.6912], 'Rchip_per_chan': [5198761.5032, 7529200.7467, 8637255.2615]}
loss_dBcm=0.2 {'Fmean_chan': [0.9921, 0.9937, 0.9953], 'Fpure_mean': [0.9968, 0.9993, 0.9999], 'Fpure_worstchan': [0.9968, 0.9993, 0.9999], 'Fworst_chan': [0.9921, 0.9937, 0.9953], 'CAR': [115.2218, 139.0406, 204.9965], 'Rchip_per_chan': [4860259.5259, 7174181.9177, 8660952.9292]}
loss_dBcm=1.0 {'Fmean_chan': [0.9912, 0.9936, 0.9959], 'Fpure_mean': [0.9968, 0.9991, 0.9999], 'Fpure_worstchan': [0.9968, 0.9991, 0.9999], 'Fworst_chan': [0.9912, 0.9936, 0.9958], 'CAR': [113.0119, 136.9874, 238.1738], 'Rchip_per_chan': [4183883.8023, 7281968.6889, 8830656.6648]}
SH=0.0015 {'Fmean_chan': [0.9903, 0.9927, 0.9936], 'Fpure_mean': [0.9966, 0.9994, 0.9999], 'Fpure_worstchan': [0.9966, 0.9994, 0.9999], 'Fworst_chan': [0.9903, 0.9927, 0.9936], 'CAR': [106.7638, 113.6212, 126.586], 'Rchip_per_chan': [7881802.4841, 8783279.2797, 9348505.4736]}
SH=0.0055 {'Fmean_chan': [0.993, 0.9958, 0.9983], 'Fpure_mean': [0.9971, 0.9994, 0.9999], 'Fpure_worstchan': [0.9971, 0.9994, 0.9999], 'Fworst_chan': [0.993, 0.9957, 0.9983], 'CAR': [134.3047, 249.6847, 803.0894], 'Rchip_per_chan': [1227167.483, 3987074.6426, 7427790.9743]}
beta2=2e-27 {'Fmean_chan': [0.9913, 0.9936, 0.9958], 'Fpure_mean': [0.9967, 0.9992, 0.9999], 'Fpure_worstchan': [0.9967, 0.9992, 0.9999], 'Fworst_chan': [0.9913, 0.9936, 0.9958], 'CAR': [113.981, 135.4873, 214.9331], 'Rchip_per_chan': [4634633.2815, 7362796.2239, 8755438.6172]}
beta2=2e-26 {'Fmean_chan': [0.9901, 0.9937, 0.9956], 'Fpure_mean': [0.9959, 0.9994, 1.0], 'Fpure_worstchan': [0.9959, 0.9994, 0.9999], 'Fworst_chan': [0.9901, 0.9937, 0.9956], 'CAR': [114.8194, 135.2615, 191.1359], 'Rchip_per_chan': [5213921.0766, 7375212.4211, 8691375.2321]}
ratio_cal=0.05 {'Fmean_chan': [0.9898, 0.9931, 0.9957], 'Fpure_mean': [0.9955, 0.9986, 0.9999], 'Fpure_worstchan': [0.9955, 0.9986, 0.9999], 'Fworst_chan': [0.9898, 0.9931, 0.9957], 'CAR': [114.3104, 132.2797, 227.5113], 'Rchip_per_chan': [4379521.7417, 7541778.8256, 8730141.9338]}
ratio_cal=0.1 {'Fmean_chan': [0.9861, 0.9921, 0.9946], 'Fpure_mean': [0.9914, 0.9977, 0.9997], 'Fpure_worstchan': [0.9914, 0.9977, 0.9997], 'Fworst_chan': [0.9861, 0.9921, 0.9946], 'CAR': [113.0166, 135.0227, 183.1486], 'Rchip_per_chan': [5442110.4079, 7388196.1519, 8831212.0483]}
dark=1000.0 {'Fmean_chan': [0.9915, 0.9939, 0.996], 'Fpure_mean': [0.9973, 0.9994, 0.9999], 'Fpure_worstchan': [0.9972, 0.9994, 0.9999], 'Fworst_chan': [0.9915, 0.9939, 0.996], 'CAR': [112.0243, 134.6495, 208.827], 'Rchip_per_chan': [4608642.5663, 7245973.0691, 8746104.4426]}
