((2.0, 0.6, 0.3, 0.765), [2.1096513271331787, 2.1723270416259766])
((2.0, 0.6, 0.3, 0.775), [2.1067593097686768, 2.169240713119507])
((2.0, 0.6, 0.3, 0.785), [2.1039812564849854, 2.1656200885772705])
((2.0, 0.6, 0.3, 1.45), [1.941986322402954, 1.9221224784851074])
((2.0, 0.6, 0.3, 1.5), [1.943740725517273, 1.9191325902938843])
((2.0, 0.6, 0.3, 1.53), [1.937290906906128, 1.9081701040267944])
((2.0, 0.6, 0.3, 1.55), [1.9325780868530273, 1.9006924629211426])
((2.0, 0.6, 0.3, 1.57), [1.92110276222229, 1.8861621618270874])
((2.0, 0.6, 0.3, 1.6), [1.9144679307937622, 1.8748821020126343])
((2.0, 0.6, 0.3, 1.65), [1.9033414125442505, 1.8560222387313843])
((1.0, 0.4, 0.28, 0.765), [2.0189285278320312, 2.048738718032837])
((1.0, 0.4, 0.28, 0.775), [2.01995849609375, 2.0474939346313477])
((1.0, 0.4, 0.28, 0.785), [2.0154078006744385, 2.0410385131835938])
((1.0, 0.4, 0.28, 1.45), [1.7520735263824463, 1.6426948308944702])
((1.0, 0.4, 0.28, 1.5), [1.7169958353042603, 1.607431173324585])
((1.0, 0.4, 0.28, 1.53), [1.718847393989563, 1.6008027791976929])
((1.0, 0.4, 0.28, 1.55), [1.6964695453643799, 1.5822759866714478])
((1.0, 0.4, 0.28, 1.57), [1.6889691352844238, 1.5729504823684692])
((1.0, 0.4, 0.28, 1.6), [1.6832003593444824, 1.5521605014801025])
((1.0, 0.4, 0.28, 1.65), [1.6595892906188965, 1.5391037464141846])
((1.2, 0.4, 0.28, 0.765), [2.0313069820404053, 2.0600688457489014])
((1.2, 0.4, 0.28, 0.775), [2.0324020385742188, 2.0588972568511963])
((1.2, 0.4, 0.28, 0.785), [2.0282273292541504, 2.0527610778808594])
((1.2, 0.4, 0.28, 1.45), [1.788406491279602, 1.6717941761016846])
((1.2, 0.4, 0.28, 1.5), [1.7560518980026245, 1.6360530853271484])
((1.2, 0.4, 0.28, 1.53), [1.759170651435852, 1.6306320428848267])
((1.2, 0.4, 0.28, 1.55), [1.7375611066818237, 1.6113479137420654])
((1.2, 0.4, 0.28, 1.57), [1.7303847074508667, 1.6019808053970337])
((1.2, 0.4, 0.28, 1.6), [1.7234115600585938, 1.5802946090698242])
((1.2, 0.4, 0.28, 1.65), [1.7027753591537476, 1.567420482635498])
((1.5, 0.4, 0.28, 0.765), [2.041071653366089, 2.0692331790924072])
((1.5, 0.4, 0.28, 0.775), [2.0423123836517334, 2.068267583847046])
((1.5, 0.4, 0.28, 0.785), [2.03837251663208, 2.062337636947632])
((1.5, 0.4, 0.28, 1.45), [1.8194916248321533, 1.6994249820709229])
((1.5, 0.4, 0.28, 1.5), [1.790108323097229, 1.6642885208129883])
((1.5, 0.4, 0.28, 1.53), [1.7939401865005493, 1.6599706411361694])
((1.5, 0.4, 0.28, 1.55), [1.7732306718826294, 1.6402630805969238])
((1.5, 0.4, 0.28, 1.57), [1.76688814163208, 1.6312142610549927])
((1.5, 0.4, 0.28, 1.6), [1.7592720985412598, 1.6104401350021362])
((1.5, 0.4, 0.28, 1.65), [1.7419999837875366, 1.5971344709396362])
((1.8, 0.4, 0.28, 0.765), [2.0463156700134277, 2.0742130279541016])
((1.8, 0.4, 0.28, 0.775), [2.047564744949341, 2.073320150375366])
((1.8, 0.4, 0.28, 0.785), [2.0437469482421875, 2.0675203800201416])
((1.8, 0.4, 0.28, 1.45), [1.8368618488311768, 1.6991647481918335])
((1.8, 0.4, 0.28, 1.5), [1.8090603351593018, 1.6610281467437744])
((1.8, 0.4, 0.28, 1.53), [1.8134058713912964, 1.6578686237335205])
((1.8, 0.4, 0.28, 1.55), [1.7932605743408203, 1.6351453065872192])
((1.8, 0.4, 0.28, 1.57), [1.787407636642456, 1.6252832412719727])
((1.8, 0.4, 0.28, 1.6), [1.7796621322631836, 1.6058497428894043])
((1.8, 0.4, 0.28, 1.65), [1.7641446590423584, 1.5876855850219727])
((1.2, 0.4, 0.26, 0.765), [2.0373334884643555, 2.0679421424865723])
((1.2, 0.4, 0.26, 0.775), [2.03371000289917, 2.059983968734741])
((1.2, 0.4, 0.26, 0.785), [2.0295424461364746, 2.053802728652954])
((1.2, 0.4, 0.26, 1.45), [1.7814645767211914, 1.657631754875183])
((1.2, 0.4, 0.26, 1.5), [1.750203013420105, 1.6230931282043457])
((1.2, 0.4, 0.26, 1.53), [1.7539359331130981, 1.6178151369094849])
((1.2, 0.4, 0.26, 1.55), [1.7314561605453491, 1.5985100269317627])
((1.2, 0.4, 0.26, 1.57), [1.7246358394622803, 1.5898921489715576])
((1.2, 0.4, 0.26, 1.6), [1.729935646057129, 1.5854671001434326])
((1.2, 0.4, 0.26, 1.65), [1.6970945596694946, 1.556031584739685])
((1.2, 0.4, 0.3, 0.765), [2.0346100330352783, 2.065709114074707])
((1.2, 0.4, 0.3, 0.775), [2.0311105251312256, 2.05784273147583])
((1.2, 0.4, 0.3, 0.785), [2.031472682952881, 2.05856990814209])
((1.2, 0.4, 0.3, 1.45), [1.7710890769958496, 1.6498312950134277])
((1.2, 0.4, 0.3, 1.5), [1.7494354248046875, 1.6316829919815063])
((1.2, 0.4, 0.3, 1.53), [1.7531639337539673, 1.6263220310211182])
((1.2, 0.4, 0.3, 1.55), [1.7312356233596802, 1.607197880744934])
((1.2, 0.4, 0.3, 1.57), [1.7240124940872192, 1.5979201793670654])
((1.2, 0.4, 0.3, 1.6), [1.7287248373031616, 1.5931293964385986])
((1.2, 0.4, 0.3, 1.65), [1.6956075429916382, 1.5626882314682007])
((1.2, 0.39, 0.28, 0.765), [2.0317375659942627, 2.056731700897217])
((1.2, 0.39, 0.28, 0.775), [2.0274415016174316, 2.0504159927368164])
((1.2, 0.39, 0.28, 0.785), [2.0173325538635254, 2.0384581089019775])
((1.2, 0.39, 0.28, 1.45), [1.7638951539993286, 1.6455209255218506])
((1.2, 0.39, 0.28, 1.5), [1.7457358837127686, 1.6203173398971558])
((1.2, 0.39, 0.28, 1.53), [1.7496272325515747, 1.6150567531585693])
((1.2, 0.39, 0.28, 1.55), [1.7305773496627808, 1.5875157117843628])
((1.2, 0.39, 0.28, 1.57), [1.7076889276504517, 1.5700961351394653])
((1.2, 0.39, 0.28, 1.6), [1.694747805595398, 1.5564651489257812])
((1.2, 0.39, 0.28, 1.65), [1.695205569267273, 1.5438170433044434])
((1.2, 0.41, 0.28, 0.765), [2.040687322616577, 2.074519634246826])
((1.2, 0.41, 0.28, 0.775), [2.0370609760284424, 2.0668609142303467])
((1.2, 0.41, 0.28, 0.785), [2.027780055999756, 2.055952548980713])
((1.2, 0.41, 0.28, 1.45), [1.7828178405761719, 1.6765687465667725])
((1.2, 0.41, 0.28, 1.5), [1.7785131931304932, 1.660754680633545])
((1.2, 0.41, 0.28, 1.53), [1.7684673070907593, 1.645920753479004])
((1.2, 0.41, 0.28, 1.55), [1.7360554933547974, 1.6093300580978394])
((1.2, 0.41, 0.28, 1.57), [1.7436362504959106, 1.60880708694458])
((1.2, 0.41, 0.28, 1.6), [1.7335431575775146, 1.5952775478363037])
((1.2, 0.41, 0.28, 1.65), [1.7124680280685425, 1.5812238454818726])
90
