((1.2, 0.4, 0.28, 0.775), [2.032174825668335, 2.0590450763702393])
((1.2, 0.4, 0.28, 1.5), [1.7463182210922241, 1.6208187341690063])
((1.2, 0.4, 0.28, 1.55), [1.740321397781372, 1.603689193725586])
((1.2, 0.4, 0.28, 1.6), [1.7204878330230713, 1.5878584384918213])
((1.25, 0.4, 0.28, 0.775), [2.0343544483184814, 2.0610830783843994])
((1.25, 0.4, 0.28, 1.5), [1.7531462907791138, 1.6260496377944946])
((1.25, 0.4, 0.28, 1.55), [1.7477108240127563, 1.6093920469284058])
((1.25, 0.4, 0.28, 1.6), [1.7283544540405273, 1.593548059463501])
((1.15, 0.4, 0.28, 0.775), [2.029681444168091, 2.0567069053649902])
((1.15, 0.4, 0.28, 1.5), [1.7383841276168823, 1.6148144006729126])
((1.15, 0.4, 0.28, 1.55), [1.7319772243499756, 1.5974894762039185])
((1.15, 0.4, 0.28, 1.6), [1.7117934226989746, 1.5816082954406738])
((1.2, 0.4, 0.26, 0.775), [2.0334742069244385, 2.060100793838501])
((1.2, 0.4, 0.26, 1.5), [1.7617675065994263, 1.6391032934188843])
((1.2, 0.4, 0.26, 1.55), [1.7465541362762451, 1.6086986064910889])
((1.2, 0.4, 0.26, 1.6), [1.7270973920822144, 1.5924649238586426])
((1.2, 0.4, 0.3, 0.775), [2.0308496952056885, 2.057969093322754])
((1.2, 0.4, 0.3, 1.5), [1.7499853372573853, 1.630847692489624])
((1.2, 0.4, 0.3, 1.55), [1.734180212020874, 1.5994065999984741])
((1.2, 0.4, 0.3, 1.6), [1.7133134603500366, 1.5832347869873047])
((1.2, 0.39, 0.28, 0.775), [2.026916980743408, 2.051835298538208])
((1.2, 0.39, 0.28, 1.5), [1.7482188940048218, 1.612654685974121])
((1.2, 0.39, 0.28, 1.55), [1.727494478225708, 1.5951951742172241])
((1.2, 0.39, 0.28, 1.6), [1.709791898727417, 1.5730315446853638])
((1.2, 0.41, 0.28, 0.775), [2.036491870880127, 2.0679779052734375])
((1.2, 0.41, 0.28, 1.5), [1.7677761316299438, 1.6442036628723145])
((1.2, 0.41, 0.28, 1.55), [1.7480239868164062, 1.6257215738296509])
((1.2, 0.41, 0.28, 1.6), [1.7329553365707397, 1.5958585739135742])
