nominal {'F': 0.9982, 'F_trim': 0.9982, 'eta': 0.9012, 'IL_dB': 0.4517, 'MDL_dB': 0.0806}
height_rand_0.02um {'F': 0.9982, 'F_trim': 0.9982, 'eta': 0.8946, 'IL_dB': 0.4839, 'MDL_dB': 0.0814}
height_rand_0.05um {'F': 0.998, 'F_trim': 0.9982, 'eta': 0.862, 'IL_dB': 0.6449, 'MDL_dB': 0.0944}
height_rand_0.1um {'F': 0.9972, 'F_trim': 0.9979, 'eta': 0.7509, 'IL_dB': 1.244, 'MDL_dB': 0.1389}
height_corr3px_0.05um {'F': 0.993, 'F_trim': 0.9967, 'eta': 0.8731, 'IL_dB': 0.5894, 'MDL_dB': 0.128}
height_corr3px_0.1um {'F': 0.971, 'F_trim': 0.9902, 'eta': 0.7795, 'IL_dB': 1.0837, 'MDL_dB': 0.4384}
scale_0.02 {'F': 0.9979, 'F_trim': 0.9984, 'eta': 0.8935, 'IL_dB': 0.489, 'MDL_dB': 0.0941}
scale_0.05 {'F': 0.9962, 'F_trim': 0.9984, 'eta': 0.8577, 'IL_dB': 0.6664, 'MDL_dB': 0.1432}
scale_0.1 {'F': 0.9895, 'F_trim': 0.9972, 'eta': 0.7424, 'IL_dB': 1.2935, 'MDL_dB': 0.3492}
inshift_0.25um {'F': 0.9982, 'F_trim': 0.9983, 'eta': 0.8931, 'IL_dB': 0.491, 'MDL_dB': 0.0788}
inshift_0.5um {'F': 0.9982, 'F_trim': 0.9982, 'eta': 0.8677, 'IL_dB': 0.6161, 'MDL_dB': 0.1293}
inshift_1.0um {'F': 0.9979, 'F_trim': 0.9979, 'eta': 0.7721, 'IL_dB': 1.1234, 'MDL_dB': 0.2748}
inshift_2.0um {'F': 0.9959, 'F_trim': 0.996, 'eta': 0.4834, 'IL_dB': 3.1569, 'MDL_dB': 0.6539}
inshift_y_0.25um {'F': 0.9979, 'F_trim': 0.998, 'eta': 0.8946, 'IL_dB': 0.4837, 'MDL_dB': 0.1008}
inshift_y_0.5um {'F': 0.9976, 'F_trim': 0.9977, 'eta': 0.8701, 'IL_dB': 0.6042, 'MDL_dB': 0.1589}
inshift_y_1.0um {'F': 0.9966, 'F_trim': 0.9969, 'eta': 0.7745, 'IL_dB': 1.1096, 'MDL_dB': 0.3005}
planeshift_0.1um {'F': 0.9958, 'F_trim': 0.9975, 'eta': 0.8542, 'IL_dB': 0.6861, 'MDL_dB': 0.2151}
planeshift_0.25um {'F': 0.9736, 'F_trim': 0.9895, 'eta': 0.6731, 'IL_dB': 1.7559, 'MDL_dB': 1.0268}
planeshift_0.5um {'F': 0.9025, 'F_trim': 0.953, 'eta': 0.4329, 'IL_dB': 3.8755, 'MDL_dB': 3.0097}
dz_1.0um {'F': 0.9943, 'F_trim': 0.9973, 'eta': 0.8147, 'IL_dB': 0.907, 'MDL_dB': 0.4541}
dz_2.0um {'F': 0.9802, 'F_trim': 0.9921, 'eta': 0.6873, 'IL_dB': 1.6945, 'MDL_dB': 1.0428}
dz_5.0um {'F': 0.8868, 'F_trim': 0.9329, 'eta': 0.3806, 'IL_dB': 4.5823, 'MDL_dB': 4.3714}
lam_1.5 {'F': 0.9694, 'F_trim': 0.9928, 'eta': 0.5872, 'IL_dB': 2.3124, 'MDL_dB': 1.4351}
lam_1.53 {'F': 0.9916, 'F_trim': 0.9981, 'eta': 0.797, 'IL_dB': 0.9857, 'MDL_dB': 0.5208}
lam_1.57 {'F': 0.9889, 'F_trim': 0.9942, 'eta': 0.7908, 'IL_dB': 1.0191, 'MDL_dB': 0.4967}
lam_1.6 {'F': 0.9643, 'F_trim': 0.9857, 'eta': 0.5559, 'IL_dB': 2.5497, 'MDL_dB': 1.4873}
combined_realistic {'F': 0.964, 'F_trim': 0.9874, 'eta': 0.6055, 'IL_dB': 2.2121, 'MDL_dB': 1.2824}
combined_freespace_align {'F': 0.9376, 'F_trim': 0.9697, 'eta': 0.3156, 'IL_dB': 6.0051, 'MDL_dB': 2.3487}
